# serializer version: 1
# name: test_monthly_ols_levels_and_pop_match_levels_only_sources
  list([
    dict({
      'date': '2024-12-31',
      'forecast_horizon': 0,
      'frequency': 'M',
      'metric': 'levels',
      'source': 'ols_levels',
      'value': 104.6527627392,
      'variable': 'monthly_1',
      'vintage_date': '2024-11-30',
    }),
    dict({
      'date': '2024-12-31',
      'forecast_horizon': 0,
      'frequency': 'M',
      'metric': 'pop',
      'source': 'ols_pop',
      'value': 0.2696797978,
      'variable': 'monthly_1',
      'vintage_date': '2024-11-30',
    }),
    dict({
      'date': '2025-01-31',
      'forecast_horizon': 1,
      'frequency': 'M',
      'metric': 'levels',
      'source': 'ols_levels',
      'value': 104.6527627392,
      'variable': 'monthly_1',
      'vintage_date': '2024-11-30',
    }),
    dict({
      'date': '2025-01-31',
      'forecast_horizon': 1,
      'frequency': 'M',
      'metric': 'pop',
      'source': 'ols_pop',
      'value': 0.2696797978,
      'variable': 'monthly_1',
      'vintage_date': '2024-11-30',
    }),
    dict({
      'date': '2025-01-31',
      'forecast_horizon': 0,
      'frequency': 'M',
      'metric': 'levels',
      'source': 'ols_levels',
      'value': 104.8221872615,
      'variable': 'monthly_1',
      'vintage_date': '2024-12-31',
    }),
    dict({
      'date': '2025-01-31',
      'forecast_horizon': 0,
      'frequency': 'M',
      'metric': 'pop',
      'source': 'ols_pop',
      'value': 0.0542198718,
      'variable': 'monthly_1',
      'vintage_date': '2024-12-31',
    }),
    dict({
      'date': '2025-02-28',
      'forecast_horizon': 1,
      'frequency': 'M',
      'metric': 'levels',
      'source': 'ols_levels',
      'value': 104.8221872615,
      'variable': 'monthly_1',
      'vintage_date': '2024-12-31',
    }),
    dict({
      'date': '2025-02-28',
      'forecast_horizon': 1,
      'frequency': 'M',
      'metric': 'pop',
      'source': 'ols_pop',
      'value': 0.0542198718,
      'variable': 'monthly_1',
      'vintage_date': '2024-12-31',
    }),
  ])
# ---
