# serializer version: 1
# name: test_ukmd_inflation_backtest_matches_snapshot
  list([
    dict({
      'date': '2023-11-30',
      'forecast_horizon': 0,
      'source': 'OLS-3',
      'value': 103.0949,
      'vintage_date': '2024-01-31',
    }),
    dict({
      'date': '2023-12-31',
      'forecast_horizon': 1,
      'source': 'OLS-3',
      'value': 103.0914,
      'vintage_date': '2024-01-31',
    }),
    dict({
      'date': '2024-01-31',
      'forecast_horizon': 2,
      'source': 'OLS-3',
      'value': 102.9986,
      'vintage_date': '2024-01-31',
    }),
    dict({
      'date': '2024-02-29',
      'forecast_horizon': 3,
      'source': 'OLS-3',
      'value': 102.9254,
      'vintage_date': '2024-01-31',
    }),
    dict({
      'date': '2024-03-31',
      'forecast_horizon': 4,
      'source': 'OLS-3',
      'value': 102.9118,
      'vintage_date': '2024-01-31',
    }),
    dict({
      'date': '2024-04-30',
      'forecast_horizon': 5,
      'source': 'OLS-3',
      'value': 102.8635,
      'vintage_date': '2024-01-31',
    }),
    dict({
      'date': '2023-12-31',
      'forecast_horizon': 0,
      'source': 'OLS-3',
      'value': 101.5426,
      'vintage_date': '2024-02-29',
    }),
    dict({
      'date': '2024-01-31',
      'forecast_horizon': 1,
      'source': 'OLS-3',
      'value': 101.668,
      'vintage_date': '2024-02-29',
    }),
    dict({
      'date': '2024-02-29',
      'forecast_horizon': 2,
      'source': 'OLS-3',
      'value': 102.0424,
      'vintage_date': '2024-02-29',
    }),
    dict({
      'date': '2024-03-31',
      'forecast_horizon': 3,
      'source': 'OLS-3',
      'value': 102.2852,
      'vintage_date': '2024-02-29',
    }),
    dict({
      'date': '2024-04-30',
      'forecast_horizon': 4,
      'source': 'OLS-3',
      'value': 102.525,
      'vintage_date': '2024-02-29',
    }),
    dict({
      'date': '2024-05-31',
      'forecast_horizon': 5,
      'source': 'OLS-3',
      'value': 102.508,
      'vintage_date': '2024-02-29',
    }),
    dict({
      'date': '2023-11-30',
      'forecast_horizon': 0,
      'source': 'Ridge',
      'value': 103.092,
      'vintage_date': '2024-01-31',
    }),
    dict({
      'date': '2023-12-31',
      'forecast_horizon': 1,
      'source': 'Ridge',
      'value': 103.0136,
      'vintage_date': '2024-01-31',
    }),
    dict({
      'date': '2024-01-31',
      'forecast_horizon': 2,
      'source': 'Ridge',
      'value': 102.9476,
      'vintage_date': '2024-01-31',
    }),
    dict({
      'date': '2024-02-29',
      'forecast_horizon': 3,
      'source': 'Ridge',
      'value': 102.7179,
      'vintage_date': '2024-01-31',
    }),
    dict({
      'date': '2024-03-31',
      'forecast_horizon': 4,
      'source': 'Ridge',
      'value': 102.6521,
      'vintage_date': '2024-01-31',
    }),
    dict({
      'date': '2024-04-30',
      'forecast_horizon': 5,
      'source': 'Ridge',
      'value': 102.5722,
      'vintage_date': '2024-01-31',
    }),
    dict({
      'date': '2023-12-31',
      'forecast_horizon': 0,
      'source': 'Ridge',
      'value': 101.7327,
      'vintage_date': '2024-02-29',
    }),
    dict({
      'date': '2024-01-31',
      'forecast_horizon': 1,
      'source': 'Ridge',
      'value': 101.9036,
      'vintage_date': '2024-02-29',
    }),
    dict({
      'date': '2024-02-29',
      'forecast_horizon': 2,
      'source': 'Ridge',
      'value': 102.1767,
      'vintage_date': '2024-02-29',
    }),
    dict({
      'date': '2024-03-31',
      'forecast_horizon': 3,
      'source': 'Ridge',
      'value': 102.4218,
      'vintage_date': '2024-02-29',
    }),
    dict({
      'date': '2024-04-30',
      'forecast_horizon': 4,
      'source': 'Ridge',
      'value': 102.4635,
      'vintage_date': '2024-02-29',
    }),
    dict({
      'date': '2024-05-31',
      'forecast_horizon': 5,
      'source': 'Ridge',
      'value': 102.4367,
      'vintage_date': '2024-02-29',
    }),
    dict({
      'date': '2023-11-30',
      'forecast_horizon': 0,
      'source': 'Ridge-BVAR Tree',
      'value': 103.092,
      'vintage_date': '2024-01-31',
    }),
    dict({
      'date': '2023-12-31',
      'forecast_horizon': 1,
      'source': 'Ridge-BVAR Tree',
      'value': 103.1704,
      'vintage_date': '2024-01-31',
    }),
    dict({
      'date': '2024-01-31',
      'forecast_horizon': 2,
      'source': 'Ridge-BVAR Tree',
      'value': 103.2579,
      'vintage_date': '2024-01-31',
    }),
    dict({
      'date': '2024-02-29',
      'forecast_horizon': 3,
      'source': 'Ridge-BVAR Tree',
      'value': 103.344,
      'vintage_date': '2024-01-31',
    }),
    dict({
      'date': '2024-03-31',
      'forecast_horizon': 4,
      'source': 'Ridge-BVAR Tree',
      'value': 103.4242,
      'vintage_date': '2024-01-31',
    }),
    dict({
      'date': '2024-04-30',
      'forecast_horizon': 5,
      'source': 'Ridge-BVAR Tree',
      'value': 103.5017,
      'vintage_date': '2024-01-31',
    }),
    dict({
      'date': '2023-12-31',
      'forecast_horizon': 0,
      'source': 'Ridge-BVAR Tree',
      'value': 101.7327,
      'vintage_date': '2024-02-29',
    }),
    dict({
      'date': '2024-01-31',
      'forecast_horizon': 1,
      'source': 'Ridge-BVAR Tree',
      'value': 101.818,
      'vintage_date': '2024-02-29',
    }),
    dict({
      'date': '2024-02-29',
      'forecast_horizon': 2,
      'source': 'Ridge-BVAR Tree',
      'value': 101.9047,
      'vintage_date': '2024-02-29',
    }),
    dict({
      'date': '2024-03-31',
      'forecast_horizon': 3,
      'source': 'Ridge-BVAR Tree',
      'value': 102.0201,
      'vintage_date': '2024-02-29',
    }),
    dict({
      'date': '2024-04-30',
      'forecast_horizon': 4,
      'source': 'Ridge-BVAR Tree',
      'value': 102.1354,
      'vintage_date': '2024-02-29',
    }),
    dict({
      'date': '2024-05-31',
      'forecast_horizon': 5,
      'source': 'Ridge-BVAR Tree',
      'value': 102.239,
      'vintage_date': '2024-02-29',
    }),
  ])
# ---
